2025-11-11 21:49:24.742 INFO   Freerouting v2.1.0 (build-date: 2025-04-12)
2025-11-11 21:49:24.803 WARN   No default constructor found for field: currentLocale
2025-11-11 21:49:24.804 INFO   Settings were loaded from freerouting.json
2025-11-11 21:49:25.894 INFO   Opening 'shifter1_board.dsn'...
2025-11-11 21:49:26.528 INFO   New version available: v2.1.0
2025-11-11 21:49:58.196 INFO   [110445\6969B1] Starting routing of 'shifter1_board' on 1 thread...
2025-11-11 21:51:00.725 INFO   [110445\6969B1] Auto-router pass #1 on board '11371559284437101de0e5dffd6f97f1' was completed in 56.40 seconds with the score of 916.98 (87 unrouted).
2025-11-11 21:51:22.599 INFO   [110445\6969B1] Auto-router pass #2 on board '0a8766ac1242498c15eb91678da14c65' was completed in 21.71 seconds with the score of 955.62 (39 unrouted).
2025-11-11 21:51:33.860 INFO   [110445\6969B1] Auto-router pass #3 on board '7c23845b7e2e609c60692be8e5efa90f' was completed in 11.14 seconds with the score of 971.64 (18 unrouted).
2025-11-11 21:51:41.021 INFO   [110445\6969B1] Auto-router pass #4 on board '4371e904261ae42a363283947e045b0a' was completed in 7.02 seconds with the score of 979.40 (7 unrouted).
2025-11-11 21:51:43.475 INFO   [110445\6969B1] Auto-router pass #5 on board '06139ff3056d628357e5d252f0296b2a' was completed in 2.33 seconds with the score of 981.14 (5 unrouted).
2025-11-11 21:51:44.992 INFO   [110445\6969B1] Auto-router pass #6 on board 'a17c7dbb035c4279a1847547edeb087e' was completed in 1.39 seconds with the score of 982.10 (4 unrouted).
2025-11-11 21:51:46.504 INFO   [110445\6969B1] Auto-router pass #7 on board '7faf948392d9deaae4ede4da378752f4' was completed in 1.39 seconds with the score of 981.45 (4 unrouted).
2025-11-11 21:51:48.227 INFO   [110445\6969B1] Auto-router pass #8 on board '89b5fce787c6e326b50c865c21d8ccad' was completed in 1.60 seconds with the score of 982.70 (2 unrouted).
2025-11-11 21:51:49.277 INFO   [110445\6969B1] Auto-router pass #9 on board '88d043e31de4e456fb129810405b98d3' was completed in 0.94 seconds with the score of 981.93 (3 unrouted).
2025-11-11 21:51:50.249 INFO   [110445\6969B1] Auto-router pass #10 on board '6407f573efbe84e2f3820bd32e7c8fb1' was completed in 0.86 seconds with the score of 983.39 (1 unrouted).
2025-11-11 21:51:50.610 INFO   [110445\6969B1] Auto-router pass #11 on board '7425b5a479da941acd09bd3fa1b4e679' was completed in 0.25 seconds with the score of 983.39 (1 unrouted).
2025-11-11 21:51:50.997 INFO   [110445\6969B1] Restoring an earlier board that has the score of 983.39 (1 unrouted).
2025-11-11 21:51:50.998 INFO   [110445\6969B1] Auto-router pass #12 on board '7425b5a479da941acd09bd3fa1b4e679' was completed in 0.34 seconds with the score of 983.39 (1 unrouted).
2025-11-11 21:51:51.268 INFO   [110445\6969B1] Auto-router pass #13 on board '7425b5a479da941acd09bd3fa1b4e679' was completed in 0.23 seconds with the score of 983.39 (1 unrouted).
2025-11-11 21:51:51.532 INFO   [110445\6969B1] Auto-router pass #14 on board '7425b5a479da941acd09bd3fa1b4e679' was completed in 0.22 seconds with the score of 983.39 (1 unrouted).
2025-11-11 21:51:51.776 INFO   [110445\6969B1] Auto-router pass #15 on board '7425b5a479da941acd09bd3fa1b4e679' was completed in 0.21 seconds with the score of 983.39 (1 unrouted).
2025-11-11 21:51:52.169 INFO   [110445\6969B1] Restoring an earlier board that has the score of 983.39 (1 unrouted).
2025-11-11 21:51:52.170 INFO   [110445\6969B1] Auto-router pass #16 on board '7425b5a479da941acd09bd3fa1b4e679' was completed in 0.34 seconds with the score of 983.39 (1 unrouted).
2025-11-11 21:51:52.465 INFO   [110445\6969B1] Auto-router pass #17 on board '7425b5a479da941acd09bd3fa1b4e679' was completed in 0.25 seconds with the score of 983.39 (1 unrouted).
2025-11-11 21:51:52.739 INFO   [110445\6969B1] Auto-router pass #18 on board '7425b5a479da941acd09bd3fa1b4e679' was completed in 0.23 seconds with the score of 983.39 (1 unrouted).
2025-11-11 21:51:53.012 INFO   [110445\6969B1] Auto-router pass #19 on board '7425b5a479da941acd09bd3fa1b4e679' was completed in 0.23 seconds with the score of 983.39 (1 unrouted).
2025-11-11 21:51:53.457 INFO   [110445\6969B1] Restoring an earlier board that has the score of 983.39 (1 unrouted).
2025-11-11 21:51:53.459 INFO   [110445\6969B1] Auto-router pass #20 on board '7425b5a479da941acd09bd3fa1b4e679' was completed in 0.40 seconds with the score of 983.39 (1 unrouted).
2025-11-11 21:51:53.755 INFO   [110445\6969B1] Auto-router pass #21 on board '7425b5a479da941acd09bd3fa1b4e679' was completed in 0.26 seconds with the score of 983.39 (1 unrouted).
2025-11-11 21:51:54.036 INFO   [110445\6969B1] Auto-router pass #22 on board '7425b5a479da941acd09bd3fa1b4e679' was completed in 0.23 seconds with the score of 983.39 (1 unrouted).
2025-11-11 21:51:54.306 INFO   [110445\6969B1] Auto-router pass #23 on board '7425b5a479da941acd09bd3fa1b4e679' was completed in 0.23 seconds with the score of 983.39 (1 unrouted).
2025-11-11 21:51:54.703 INFO   [110445\6969B1] Restoring an earlier board that has the score of 983.39 (1 unrouted).
2025-11-11 21:51:54.705 INFO   [110445\6969B1] Auto-router pass #24 on board '7425b5a479da941acd09bd3fa1b4e679' was completed in 0.36 seconds with the score of 983.39 (1 unrouted).
2025-11-11 21:51:54.993 INFO   [110445\6969B1] Auto-router pass #25 on board '7425b5a479da941acd09bd3fa1b4e679' was completed in 0.24 seconds with the score of 983.39 (1 unrouted).
2025-11-11 21:51:55.288 INFO   [110445\6969B1] Auto-router pass #26 on board '7425b5a479da941acd09bd3fa1b4e679' was completed in 0.26 seconds with the score of 983.39 (1 unrouted).
2025-11-11 21:51:55.572 INFO   [110445\6969B1] Auto-router pass #27 on board '7425b5a479da941acd09bd3fa1b4e679' was completed in 0.24 seconds with the score of 983.39 (1 unrouted).
2025-11-11 21:51:56.008 INFO   [110445\6969B1] Restoring an earlier board that has the score of 982.70 (2 unrouted).
2025-11-11 21:51:56.009 INFO   [110445\6969B1] Auto-router pass #28 on board '7425b5a479da941acd09bd3fa1b4e679' was completed in 0.39 seconds with the score of 983.39 (1 unrouted).
2025-11-11 21:51:56.608 INFO   [110445\6969B1] Auto-router pass #29 on board '88d043e31de4e456fb129810405b98d3' was completed in 0.56 seconds with the score of 982.07 (3 unrouted).
2025-11-11 21:51:57.479 INFO   [110445\6969B1] Auto-router pass #30 on board 'ffa29faeabef51c46c5ed7d762b3e9e1' was completed in 0.75 seconds with the score of 982.07 (3 unrouted).
2025-11-11 21:51:58.257 INFO   [110445\6969B1] Auto-router pass #31 on board '10fa042d3ad644ef35b0b49fc3d2ef7d' was completed in 0.62 seconds with the score of 981.41 (4 unrouted).
2025-11-11 21:52:01.294 INFO   [110445\6969B1] Restoring an earlier board that has the score of 982.70 (2 unrouted).
2025-11-11 21:52:01.296 INFO   [110445\6969B1] Auto-router pass #32 on board '770c3afc0751079dc19e965eb2d9d9aa' was completed in 2.92 seconds with the score of 981.39 (4 unrouted).
2025-11-11 21:52:02.125 INFO   [110445\6969B1] Auto-router pass #33 on board '88d043e31de4e456fb129810405b98d3' was completed in 0.79 seconds with the score of 981.93 (3 unrouted).
2025-11-11 21:52:03.289 INFO   [110445\6969B1] Auto-router pass #34 on board 'a6194474fb5677c291a59e9d997c55e1' was completed in 1.03 seconds with the score of 982.56 (2 unrouted).
2025-11-11 21:52:03.789 INFO   [110445\6969B1] Auto-router pass #35 on board '805ecdd610d25ae1fd7356ca626b6120' was completed in 0.38 seconds with the score of 983.29 (1 unrouted).
2025-11-11 21:52:04.311 INFO   [110445\6969B1] Restoring an earlier board that has the score of 983.29 (1 unrouted).
2025-11-11 21:52:04.313 INFO   [110445\6969B1] Auto-router pass #36 on board 'c0da4d377b3f07b7b48b3d374c9f8471' was completed in 0.39 seconds with the score of 983.29 (1 unrouted).
2025-11-11 21:52:04.645 INFO   [110445\6969B1] Auto-router pass #37 on board 'c0da4d377b3f07b7b48b3d374c9f8471' was completed in 0.29 seconds with the score of 983.29 (1 unrouted).
2025-11-11 21:52:05.001 INFO   [110445\6969B1] Auto-router pass #38 on board 'c0da4d377b3f07b7b48b3d374c9f8471' was completed in 0.30 seconds with the score of 983.29 (1 unrouted).
2025-11-11 21:52:05.337 INFO   [110445\6969B1] Auto-router pass #39 on board 'c0da4d377b3f07b7b48b3d374c9f8471' was completed in 0.29 seconds with the score of 983.29 (1 unrouted).
2025-11-11 21:52:05.799 INFO   [110445\6969B1] Restoring an earlier board that has the score of 983.29 (1 unrouted).
2025-11-11 21:52:05.801 INFO   [110445\6969B1] Auto-router pass #40 on board 'c0da4d377b3f07b7b48b3d374c9f8471' was completed in 0.41 seconds with the score of 983.29 (1 unrouted).
2025-11-11 21:52:06.151 INFO   [110445\6969B1] Auto-router pass #41 on board 'c0da4d377b3f07b7b48b3d374c9f8471' was completed in 0.30 seconds with the score of 983.29 (1 unrouted).
2025-11-11 21:52:06.442 INFO   [110445\6969B1] Auto-router pass #42 on board 'c0da4d377b3f07b7b48b3d374c9f8471' was completed in 0.25 seconds with the score of 983.29 (1 unrouted).
2025-11-11 21:52:06.740 INFO   [110445\6969B1] Auto-router pass #43 on board 'c0da4d377b3f07b7b48b3d374c9f8471' was completed in 0.25 seconds with the score of 983.29 (1 unrouted).
2025-11-11 21:52:07.259 INFO   [110445\6969B1] Restoring an earlier board that has the score of 983.29 (1 unrouted).
2025-11-11 21:52:07.261 INFO   [110445\6969B1] Auto-router pass #44 on board 'c0da4d377b3f07b7b48b3d374c9f8471' was completed in 0.47 seconds with the score of 983.29 (1 unrouted).
2025-11-11 21:52:07.681 INFO   [110445\6969B1] Auto-router pass #45 on board 'c0da4d377b3f07b7b48b3d374c9f8471' was completed in 0.36 seconds with the score of 983.29 (1 unrouted).
2025-11-11 21:52:07.976 INFO   [110445\6969B1] Auto-router pass #46 on board 'c0da4d377b3f07b7b48b3d374c9f8471' was completed in 0.25 seconds with the score of 983.29 (1 unrouted).
2025-11-11 21:52:08.281 INFO   [110445\6969B1] Auto-router pass #47 on board 'c0da4d377b3f07b7b48b3d374c9f8471' was completed in 0.26 seconds with the score of 983.29 (1 unrouted).
2025-11-11 21:52:08.731 INFO   [110445\6969B1] Restoring an earlier board that has the score of 983.29 (1 unrouted).
2025-11-11 21:52:08.738 INFO   [110445\6969B1] Auto-router pass #48 on board 'c0da4d377b3f07b7b48b3d374c9f8471' was completed in 0.41 seconds with the score of 983.29 (1 unrouted).
2025-11-11 21:52:09.057 INFO   [110445\6969B1] Auto-router pass #49 on board 'c0da4d377b3f07b7b48b3d374c9f8471' was completed in 0.28 seconds with the score of 983.29 (1 unrouted).
2025-11-11 21:52:09.357 INFO   [110445\6969B1] Auto-router pass #50 on board 'c0da4d377b3f07b7b48b3d374c9f8471' was completed in 0.25 seconds with the score of 983.29 (1 unrouted).
2025-11-11 21:52:09.642 INFO   [110445\6969B1] Auto-router pass #51 on board 'c0da4d377b3f07b7b48b3d374c9f8471' was completed in 0.24 seconds with the score of 983.29 (1 unrouted).
2025-11-11 21:52:10.045 INFO   [110445\6969B1] Restoring an earlier board that has the score of 982.70 (2 unrouted).
2025-11-11 21:52:10.047 INFO   [110445\6969B1] Auto-router pass #52 on board 'c0da4d377b3f07b7b48b3d374c9f8471' was completed in 0.36 seconds with the score of 983.29 (1 unrouted).
2025-11-11 21:52:10.972 INFO   [110445\6969B1] Auto-router pass #53 on board '88d043e31de4e456fb129810405b98d3' was completed in 0.87 seconds with the score of 981.93 (3 unrouted).
2025-11-11 21:52:12.092 INFO   [110445\6969B1] Auto-router pass #54 on board 'a6194474fb5677c291a59e9d997c55e1' was completed in 1.07 seconds with the score of 981.90 (3 unrouted).
2025-11-11 21:52:13.115 INFO   [110445\6969B1] Auto-router pass #55 on board 'b47a436eb5c1795855b4d9976c1a012b' was completed in 0.87 seconds with the score of 981.98 (3 unrouted).
2025-11-11 21:52:15.318 INFO   [110445\6969B1] Restoring an earlier board that has the score of 982.70 (2 unrouted).
2025-11-11 21:52:15.320 INFO   [110445\6969B1] Auto-router pass #56 on board '6fae81c51802ccc70c090a16009ae971' was completed in 2.04 seconds with the score of 982.14 (3 unrouted).
2025-11-11 21:52:16.205 INFO   [110445\6969B1] Auto-router pass #57 on board '88d043e31de4e456fb129810405b98d3' was completed in 0.84 seconds with the score of 981.93 (3 unrouted).
2025-11-11 21:52:16.997 INFO   [110445\6969B1] Auto-router pass #58 on board 'a6194474fb5677c291a59e9d997c55e1' was completed in 0.75 seconds with the score of 983.46 (1 unrouted).
2025-11-11 21:52:17.391 INFO   [110445\6969B1] Auto-router pass #59 on board '9c96ac20b1c14e374535247fba635d1d' was completed in 0.25 seconds with the score of 983.46 (1 unrouted).
2025-11-11 21:52:17.884 INFO   [110445\6969B1] Restoring an earlier board that has the score of 983.46 (1 unrouted).
2025-11-11 21:52:17.886 INFO   [110445\6969B1] Auto-router pass #60 on board '9c96ac20b1c14e374535247fba635d1d' was completed in 0.44 seconds with the score of 983.46 (1 unrouted).
2025-11-11 21:52:18.250 INFO   [110445\6969B1] Auto-router pass #61 on board '9c96ac20b1c14e374535247fba635d1d' was completed in 0.31 seconds with the score of 983.46 (1 unrouted).
2025-11-11 21:52:18.545 INFO   [110445\6969B1] Auto-router pass #62 on board '9c96ac20b1c14e374535247fba635d1d' was completed in 0.24 seconds with the score of 983.46 (1 unrouted).
2025-11-11 21:52:18.835 INFO   [110445\6969B1] Auto-router pass #63 on board '9c96ac20b1c14e374535247fba635d1d' was completed in 0.24 seconds with the score of 983.46 (1 unrouted).
2025-11-11 21:52:19.309 INFO   [110445\6969B1] Restoring an earlier board that has the score of 983.46 (1 unrouted).
2025-11-11 21:52:19.311 INFO   [110445\6969B1] Auto-router pass #64 on board '9c96ac20b1c14e374535247fba635d1d' was completed in 0.42 seconds with the score of 983.46 (1 unrouted).
2025-11-11 21:52:19.664 INFO   [110445\6969B1] Auto-router pass #65 on board '9c96ac20b1c14e374535247fba635d1d' was completed in 0.30 seconds with the score of 983.46 (1 unrouted).
2025-11-11 21:52:19.953 INFO   [110445\6969B1] Auto-router pass #66 on board '9c96ac20b1c14e374535247fba635d1d' was completed in 0.24 seconds with the score of 983.46 (1 unrouted).
2025-11-11 21:52:20.241 INFO   [110445\6969B1] Auto-router pass #67 on board '9c96ac20b1c14e374535247fba635d1d' was completed in 0.24 seconds with the score of 983.46 (1 unrouted).
2025-11-11 21:52:20.670 INFO   [110445\6969B1] Restoring an earlier board that has the score of 983.46 (1 unrouted).
2025-11-11 21:52:20.672 INFO   [110445\6969B1] Auto-router pass #68 on board '9c96ac20b1c14e374535247fba635d1d' was completed in 0.38 seconds with the score of 983.46 (1 unrouted).
2025-11-11 21:52:21.016 INFO   [110445\6969B1] Auto-router pass #69 on board '9c96ac20b1c14e374535247fba635d1d' was completed in 0.29 seconds with the score of 983.46 (1 unrouted).
2025-11-11 21:52:21.314 INFO   [110445\6969B1] Auto-router pass #70 on board '9c96ac20b1c14e374535247fba635d1d' was completed in 0.25 seconds with the score of 983.46 (1 unrouted).
2025-11-11 21:52:21.607 INFO   [110445\6969B1] Auto-router pass #71 on board '9c96ac20b1c14e374535247fba635d1d' was completed in 0.25 seconds with the score of 983.46 (1 unrouted).
2025-11-11 21:52:22.052 INFO   [110445\6969B1] Restoring an earlier board that has the score of 983.46 (1 unrouted).
2025-11-11 21:52:22.053 INFO   [110445\6969B1] Auto-router pass #72 on board '9c96ac20b1c14e374535247fba635d1d' was completed in 0.40 seconds with the score of 983.46 (1 unrouted).
2025-11-11 21:52:22.404 INFO   [110445\6969B1] Auto-router pass #73 on board '9c96ac20b1c14e374535247fba635d1d' was completed in 0.29 seconds with the score of 983.46 (1 unrouted).
2025-11-11 21:52:22.720 INFO   [110445\6969B1] Auto-router pass #74 on board '9c96ac20b1c14e374535247fba635d1d' was completed in 0.26 seconds with the score of 983.46 (1 unrouted).
2025-11-11 21:52:23.030 INFO   [110445\6969B1] Auto-router pass #75 on board '9c96ac20b1c14e374535247fba635d1d' was completed in 0.26 seconds with the score of 983.46 (1 unrouted).
2025-11-11 21:52:23.472 INFO   [110445\6969B1] Restoring an earlier board that has the score of 982.56 (2 unrouted).
2025-11-11 21:52:23.473 INFO   [110445\6969B1] Auto-router pass #76 on board '9c96ac20b1c14e374535247fba635d1d' was completed in 0.40 seconds with the score of 983.46 (1 unrouted).
2025-11-11 21:52:23.997 INFO   [110445\6969B1] Auto-router pass #77 on board '805ecdd610d25ae1fd7356ca626b6120' was completed in 0.47 seconds with the score of 983.29 (1 unrouted).
2025-11-11 21:52:24.371 INFO   [110445\6969B1] Auto-router pass #78 on board '4ce2b888e8c3db4d60f8544304cdd789' was completed in 0.25 seconds with the score of 983.29 (1 unrouted).
2025-11-11 21:52:24.653 INFO   [110445\6969B1] Auto-router pass #79 on board '4ce2b888e8c3db4d60f8544304cdd789' was completed in 0.24 seconds with the score of 983.29 (1 unrouted).
2025-11-11 21:52:25.065 INFO   [110445\6969B1] Restoring an earlier board that has the score of 983.29 (1 unrouted).
2025-11-11 21:52:25.067 INFO   [110445\6969B1] Auto-router pass #80 on board '4ce2b888e8c3db4d60f8544304cdd789' was completed in 0.37 seconds with the score of 983.29 (1 unrouted).
2025-11-11 21:52:25.372 INFO   [110445\6969B1] Auto-router pass #81 on board '4ce2b888e8c3db4d60f8544304cdd789' was completed in 0.26 seconds with the score of 983.29 (1 unrouted).
2025-11-11 21:52:25.688 INFO   [110445\6969B1] Auto-router pass #82 on board '4ce2b888e8c3db4d60f8544304cdd789' was completed in 0.27 seconds with the score of 983.29 (1 unrouted).
2025-11-11 21:52:25.991 INFO   [110445\6969B1] Auto-router pass #83 on board '4ce2b888e8c3db4d60f8544304cdd789' was completed in 0.26 seconds with the score of 983.29 (1 unrouted).
2025-11-11 21:52:26.413 INFO   [110445\6969B1] Restoring an earlier board that has the score of 983.29 (1 unrouted).
2025-11-11 21:52:26.414 INFO   [110445\6969B1] Auto-router pass #84 on board '4ce2b888e8c3db4d60f8544304cdd789' was completed in 0.37 seconds with the score of 983.29 (1 unrouted).
2025-11-11 21:52:26.737 INFO   [110445\6969B1] Auto-router pass #85 on board '4ce2b888e8c3db4d60f8544304cdd789' was completed in 0.27 seconds with the score of 983.29 (1 unrouted).
2025-11-11 21:52:27.028 INFO   [110445\6969B1] Auto-router pass #86 on board '4ce2b888e8c3db4d60f8544304cdd789' was completed in 0.25 seconds with the score of 983.29 (1 unrouted).
2025-11-11 21:52:27.308 INFO   [110445\6969B1] Auto-router pass #87 on board '4ce2b888e8c3db4d60f8544304cdd789' was completed in 0.23 seconds with the score of 983.29 (1 unrouted).
2025-11-11 21:52:27.732 INFO   [110445\6969B1] Restoring an earlier board that has the score of 983.29 (1 unrouted).
2025-11-11 21:52:27.734 INFO   [110445\6969B1] Auto-router pass #88 on board '4ce2b888e8c3db4d60f8544304cdd789' was completed in 0.38 seconds with the score of 983.29 (1 unrouted).
2025-11-11 21:52:28.076 INFO   [110445\6969B1] Auto-router pass #89 on board '4ce2b888e8c3db4d60f8544304cdd789' was completed in 0.29 seconds with the score of 983.29 (1 unrouted).
2025-11-11 21:52:28.422 INFO   [110445\6969B1] Auto-router pass #90 on board '4ce2b888e8c3db4d60f8544304cdd789' was completed in 0.26 seconds with the score of 983.29 (1 unrouted).
2025-11-11 21:52:28.745 INFO   [110445\6969B1] Auto-router pass #91 on board '4ce2b888e8c3db4d60f8544304cdd789' was completed in 0.27 seconds with the score of 983.29 (1 unrouted).
2025-11-11 21:52:29.211 INFO   [110445\6969B1] Restoring an earlier board that has the score of 983.29 (1 unrouted).
2025-11-11 21:52:29.212 INFO   [110445\6969B1] Auto-router pass #92 on board '4ce2b888e8c3db4d60f8544304cdd789' was completed in 0.42 seconds with the score of 983.29 (1 unrouted).
2025-11-11 21:52:29.548 INFO   [110445\6969B1] Auto-router pass #93 on board '4ce2b888e8c3db4d60f8544304cdd789' was completed in 0.28 seconds with the score of 983.29 (1 unrouted).
2025-11-11 21:52:29.854 INFO   [110445\6969B1] Auto-router pass #94 on board '4ce2b888e8c3db4d60f8544304cdd789' was completed in 0.26 seconds with the score of 983.29 (1 unrouted).
2025-11-11 21:52:30.161 INFO   [110445\6969B1] Auto-router pass #95 on board '4ce2b888e8c3db4d60f8544304cdd789' was completed in 0.26 seconds with the score of 983.29 (1 unrouted).
2025-11-11 21:52:30.602 INFO   [110445\6969B1] Restoring an earlier board that has the score of 982.56 (2 unrouted).
2025-11-11 21:52:30.603 INFO   [110445\6969B1] Auto-router pass #96 on board '4ce2b888e8c3db4d60f8544304cdd789' was completed in 0.40 seconds with the score of 983.29 (1 unrouted).
2025-11-11 21:52:31.107 INFO   [110445\6969B1] Auto-router pass #97 on board '805ecdd610d25ae1fd7356ca626b6120' was completed in 0.46 seconds with the score of 983.29 (1 unrouted).
2025-11-11 21:52:31.390 INFO   [110445\6969B1] Auto-router pass #98 on board 'c0da4d377b3f07b7b48b3d374c9f8471' was completed in 0.24 seconds with the score of 983.29 (1 unrouted).
2025-11-11 21:52:31.678 INFO   [110445\6969B1] Auto-router pass #99 on board 'c0da4d377b3f07b7b48b3d374c9f8471' was completed in 0.24 seconds with the score of 983.29 (1 unrouted).
2025-11-11 21:52:32.116 INFO   [110445\6969B1] Restoring an earlier board that has the score of 982.56 (2 unrouted).
2025-11-11 21:52:32.118 INFO   [110445\6969B1] Auto-router pass #100 on board 'c0da4d377b3f07b7b48b3d374c9f8471' was completed in 0.39 seconds with the score of 983.29 (1 unrouted).
2025-11-11 21:52:32.644 INFO   [110445\6969B1] Auto-router pass #101 on board '805ecdd610d25ae1fd7356ca626b6120' was completed in 0.47 seconds with the score of 983.29 (1 unrouted).
2025-11-11 21:52:32.935 INFO   [110445\6969B1] Auto-router pass #102 on board '4ce2b888e8c3db4d60f8544304cdd789' was completed in 0.25 seconds with the score of 983.29 (1 unrouted).
2025-11-11 21:52:33.230 INFO   [110445\6969B1] Auto-router pass #103 on board '4ce2b888e8c3db4d60f8544304cdd789' was completed in 0.25 seconds with the score of 983.29 (1 unrouted).
2025-11-11 21:52:33.645 INFO   [110445\6969B1] Restoring an earlier board that has the score of 982.56 (2 unrouted).
2025-11-11 21:52:33.646 INFO   [110445\6969B1] Auto-router pass #104 on board '4ce2b888e8c3db4d60f8544304cdd789' was completed in 0.37 seconds with the score of 983.29 (1 unrouted).
2025-11-11 21:52:34.199 INFO   [110445\6969B1] Auto-router pass #105 on board '805ecdd610d25ae1fd7356ca626b6120' was completed in 0.51 seconds with the score of 983.29 (1 unrouted).
2025-11-11 21:52:34.517 INFO   [110445\6969B1] Auto-router pass #106 on board '4ce2b888e8c3db4d60f8544304cdd789' was completed in 0.27 seconds with the score of 983.29 (1 unrouted).
2025-11-11 21:52:34.829 INFO   [110445\6969B1] Auto-router pass #107 on board '4ce2b888e8c3db4d60f8544304cdd789' was completed in 0.26 seconds with the score of 983.29 (1 unrouted).
2025-11-11 21:52:35.263 INFO   [110445\6969B1] Restoring an earlier board that has the score of 982.10 (4 unrouted).
2025-11-11 21:52:35.265 INFO   [110445\6969B1] Auto-router pass #108 on board '4ce2b888e8c3db4d60f8544304cdd789' was completed in 0.38 seconds with the score of 983.29 (1 unrouted).
2025-11-11 21:52:36.811 INFO   [110445\6969B1] Auto-router pass #109 on board '7faf948392d9deaae4ede4da378752f4' was completed in 1.49 seconds with the score of 982.20 (3 unrouted).
2025-11-11 21:52:37.860 INFO   [110445\6969B1] Auto-router pass #110 on board '636ab2fc1da39c00cff9d571c7008484' was completed in 0.92 seconds with the score of 982.24 (3 unrouted).
2025-11-11 21:52:38.931 INFO   [110445\6969B1] Auto-router pass #111 on board 'f7aef633167e02981dd6f4a552aa31ff' was completed in 0.94 seconds with the score of 982.23 (3 unrouted).
2025-11-11 21:52:40.556 INFO   [110445\6969B1] Restoring an earlier board that has the score of 982.24 (3 unrouted).
2025-11-11 21:52:40.558 INFO   [110445\6969B1] Auto-router pass #112 on board 'b173c26306dc14e7e2861690858942fb' was completed in 1.49 seconds with the score of 981.43 (4 unrouted).
2025-11-11 21:52:41.629 INFO   [110445\6969B1] Auto-router pass #113 on board 'f7aef633167e02981dd6f4a552aa31ff' was completed in 1.01 seconds with the score of 982.23 (3 unrouted).
2025-11-11 21:52:42.818 INFO   [110445\6969B1] Auto-router pass #114 on board '4f6f1ba13375bedcd313ac6763044baa' was completed in 1.05 seconds with the score of 982.29 (3 unrouted).
2025-11-11 21:52:43.548 INFO   [110445\6969B1] Auto-router pass #115 on board '2fb36c50d235ee2cb1efa892f3c76df4' was completed in 0.61 seconds with the score of 983.02 (2 unrouted).
2025-11-11 21:52:45.400 INFO   [110445\6969B1] Restoring an earlier board that has the score of 983.02 (2 unrouted).
2025-11-11 21:52:45.402 INFO   [110445\6969B1] Auto-router pass #116 on board '25c629e62da4164c4552e34f96e9be6a' was completed in 1.71 seconds with the score of 981.69 (4 unrouted).
2025-11-11 21:52:46.349 INFO   [110445\6969B1] Auto-router pass #117 on board '25c629e62da4164c4552e34f96e9be6a' was completed in 0.89 seconds with the score of 983.84 (1 unrouted).
2025-11-11 21:52:46.740 INFO   [110445\6969B1] Auto-router pass #118 on board 'db6415c9fec91e4b8d5d698bdd168355' was completed in 0.25 seconds with the score of 983.84 (1 unrouted).
2025-11-11 21:52:47.032 INFO   [110445\6969B1] Auto-router pass #119 on board 'db6415c9fec91e4b8d5d698bdd168355' was completed in 0.24 seconds with the score of 983.84 (1 unrouted).
2025-11-11 21:52:47.472 INFO   [110445\6969B1] Restoring an earlier board that has the score of 983.84 (1 unrouted).
2025-11-11 21:52:47.473 INFO   [110445\6969B1] Auto-router pass #120 on board 'db6415c9fec91e4b8d5d698bdd168355' was completed in 0.39 seconds with the score of 983.84 (1 unrouted).
2025-11-11 21:52:47.804 INFO   [110445\6969B1] Auto-router pass #121 on board 'db6415c9fec91e4b8d5d698bdd168355' was completed in 0.28 seconds with the score of 983.84 (1 unrouted).
2025-11-11 21:52:48.090 INFO   [110445\6969B1] Auto-router pass #122 on board 'db6415c9fec91e4b8d5d698bdd168355' was completed in 0.24 seconds with the score of 983.84 (1 unrouted).
2025-11-11 21:52:48.367 INFO   [110445\6969B1] Auto-router pass #123 on board 'db6415c9fec91e4b8d5d698bdd168355' was completed in 0.23 seconds with the score of 983.84 (1 unrouted).
2025-11-11 21:52:48.765 INFO   [110445\6969B1] Restoring an earlier board that has the score of 983.84 (1 unrouted).
2025-11-11 21:52:48.766 INFO   [110445\6969B1] Auto-router pass #124 on board 'db6415c9fec91e4b8d5d698bdd168355' was completed in 0.35 seconds with the score of 983.84 (1 unrouted).
2025-11-11 21:52:49.082 INFO   [110445\6969B1] Auto-router pass #125 on board 'db6415c9fec91e4b8d5d698bdd168355' was completed in 0.27 seconds with the score of 983.84 (1 unrouted).
2025-11-11 21:52:49.348 INFO   [110445\6969B1] Auto-router pass #126 on board 'db6415c9fec91e4b8d5d698bdd168355' was completed in 0.22 seconds with the score of 983.84 (1 unrouted).
2025-11-11 21:52:49.609 INFO   [110445\6969B1] Auto-router pass #127 on board 'db6415c9fec91e4b8d5d698bdd168355' was completed in 0.22 seconds with the score of 983.84 (1 unrouted).
2025-11-11 21:52:49.987 INFO   [110445\6969B1] Restoring an earlier board that has the score of 983.84 (1 unrouted).
2025-11-11 21:52:49.988 INFO   [110445\6969B1] Auto-router pass #128 on board 'db6415c9fec91e4b8d5d698bdd168355' was completed in 0.33 seconds with the score of 983.84 (1 unrouted).
2025-11-11 21:52:50.274 INFO   [110445\6969B1] Auto-router pass #129 on board 'db6415c9fec91e4b8d5d698bdd168355' was completed in 0.24 seconds with the score of 983.84 (1 unrouted).
2025-11-11 21:52:50.548 INFO   [110445\6969B1] Auto-router pass #130 on board 'db6415c9fec91e4b8d5d698bdd168355' was completed in 0.23 seconds with the score of 983.84 (1 unrouted).
2025-11-11 21:52:50.802 INFO   [110445\6969B1] Auto-router pass #131 on board 'db6415c9fec91e4b8d5d698bdd168355' was completed in 0.21 seconds with the score of 983.84 (1 unrouted).
2025-11-11 21:52:51.179 INFO   [110445\6969B1] Restoring an earlier board that has the score of 983.84 (1 unrouted).
2025-11-11 21:52:51.180 INFO   [110445\6969B1] Auto-router pass #132 on board 'db6415c9fec91e4b8d5d698bdd168355' was completed in 0.34 seconds with the score of 983.84 (1 unrouted).
2025-11-11 21:52:51.463 INFO   [110445\6969B1] Auto-router pass #133 on board 'db6415c9fec91e4b8d5d698bdd168355' was completed in 0.24 seconds with the score of 983.84 (1 unrouted).
2025-11-11 21:52:51.724 INFO   [110445\6969B1] Auto-router pass #134 on board 'db6415c9fec91e4b8d5d698bdd168355' was completed in 0.22 seconds with the score of 983.84 (1 unrouted).
2025-11-11 21:52:52.007 INFO   [110445\6969B1] Auto-router pass #135 on board 'db6415c9fec91e4b8d5d698bdd168355' was completed in 0.24 seconds with the score of 983.84 (1 unrouted).
2025-11-11 21:52:52.428 INFO   [110445\6969B1] Restoring an earlier board that has the score of 983.02 (2 unrouted).
2025-11-11 21:52:52.429 INFO   [110445\6969B1] Auto-router pass #136 on board 'db6415c9fec91e4b8d5d698bdd168355' was completed in 0.37 seconds with the score of 983.84 (1 unrouted).
2025-11-11 21:52:53.299 INFO   [110445\6969B1] Auto-router pass #137 on board '25c629e62da4164c4552e34f96e9be6a' was completed in 0.82 seconds with the score of 983.84 (1 unrouted).
2025-11-11 21:52:53.630 INFO   [110445\6969B1] Auto-router pass #138 on board '4b5104d0b25f854338e4eb8f22f81bed' was completed in 0.21 seconds with the score of 983.84 (1 unrouted).
2025-11-11 21:52:53.882 INFO   [110445\6969B1] Auto-router pass #139 on board '4b5104d0b25f854338e4eb8f22f81bed' was completed in 0.21 seconds with the score of 983.84 (1 unrouted).
2025-11-11 21:52:54.258 INFO   [110445\6969B1] Restoring an earlier board that has the score of 983.84 (1 unrouted).
2025-11-11 21:52:54.259 INFO   [110445\6969B1] Auto-router pass #140 on board '4b5104d0b25f854338e4eb8f22f81bed' was completed in 0.34 seconds with the score of 983.84 (1 unrouted).
2025-11-11 21:52:54.538 INFO   [110445\6969B1] Auto-router pass #141 on board '4b5104d0b25f854338e4eb8f22f81bed' was completed in 0.24 seconds with the score of 983.84 (1 unrouted).
2025-11-11 21:52:54.785 INFO   [110445\6969B1] Auto-router pass #142 on board '4b5104d0b25f854338e4eb8f22f81bed' was completed in 0.21 seconds with the score of 983.84 (1 unrouted).
2025-11-11 21:52:55.040 INFO   [110445\6969B1] Auto-router pass #143 on board '4b5104d0b25f854338e4eb8f22f81bed' was completed in 0.21 seconds with the score of 983.84 (1 unrouted).
2025-11-11 21:52:55.403 INFO   [110445\6969B1] Restoring an earlier board that has the score of 983.84 (1 unrouted).
2025-11-11 21:52:55.404 INFO   [110445\6969B1] Auto-router pass #144 on board '4b5104d0b25f854338e4eb8f22f81bed' was completed in 0.33 seconds with the score of 983.84 (1 unrouted).
2025-11-11 21:52:55.694 INFO   [110445\6969B1] Auto-router pass #145 on board '4b5104d0b25f854338e4eb8f22f81bed' was completed in 0.25 seconds with the score of 983.84 (1 unrouted).
2025-11-11 21:52:55.955 INFO   [110445\6969B1] Auto-router pass #146 on board '4b5104d0b25f854338e4eb8f22f81bed' was completed in 0.21 seconds with the score of 983.84 (1 unrouted).
2025-11-11 21:52:56.192 INFO   [110445\6969B1] Auto-router pass #147 on board '4b5104d0b25f854338e4eb8f22f81bed' was completed in 0.20 seconds with the score of 983.84 (1 unrouted).
2025-11-11 21:52:56.539 INFO   [110445\6969B1] Restoring an earlier board that has the score of 983.84 (1 unrouted).
2025-11-11 21:52:56.540 INFO   [110445\6969B1] Auto-router pass #148 on board '4b5104d0b25f854338e4eb8f22f81bed' was completed in 0.31 seconds with the score of 983.84 (1 unrouted).
2025-11-11 21:52:56.805 INFO   [110445\6969B1] Auto-router pass #149 on board '4b5104d0b25f854338e4eb8f22f81bed' was completed in 0.23 seconds with the score of 983.84 (1 unrouted).
2025-11-11 21:52:57.042 INFO   [110445\6969B1] Auto-router pass #150 on board '4b5104d0b25f854338e4eb8f22f81bed' was completed in 0.20 seconds with the score of 983.84 (1 unrouted).
2025-11-11 21:52:57.282 INFO   [110445\6969B1] Auto-router pass #151 on board '4b5104d0b25f854338e4eb8f22f81bed' was completed in 0.20 seconds with the score of 983.84 (1 unrouted).
2025-11-11 21:52:57.665 INFO   [110445\6969B1] Restoring an earlier board that has the score of 983.84 (1 unrouted).
2025-11-11 21:52:57.666 INFO   [110445\6969B1] Auto-router pass #152 on board '4b5104d0b25f854338e4eb8f22f81bed' was completed in 0.34 seconds with the score of 983.84 (1 unrouted).
2025-11-11 21:52:57.971 INFO   [110445\6969B1] Auto-router pass #153 on board '4b5104d0b25f854338e4eb8f22f81bed' was completed in 0.26 seconds with the score of 983.84 (1 unrouted).
2025-11-11 21:52:58.259 INFO   [110445\6969B1] Auto-router pass #154 on board '4b5104d0b25f854338e4eb8f22f81bed' was completed in 0.24 seconds with the score of 983.84 (1 unrouted).
2025-11-11 21:52:58.518 INFO   [110445\6969B1] Auto-router pass #155 on board '4b5104d0b25f854338e4eb8f22f81bed' was completed in 0.22 seconds with the score of 983.84 (1 unrouted).
2025-11-11 21:52:58.906 INFO   [110445\6969B1] Restoring an earlier board that has the score of 983.02 (2 unrouted).
2025-11-11 21:52:58.907 INFO   [110445\6969B1] Auto-router pass #156 on board '4b5104d0b25f854338e4eb8f22f81bed' was completed in 0.35 seconds with the score of 983.84 (1 unrouted).
2025-11-11 21:52:59.556 INFO   [110445\6969B1] Auto-router pass #157 on board '25c629e62da4164c4552e34f96e9be6a' was completed in 0.61 seconds with the score of 983.82 (1 unrouted).
2025-11-11 21:52:59.879 INFO   [110445\6969B1] Auto-router pass #158 on board '4a11bf9eb4c4984f3160af9b98fa860b' was completed in 0.22 seconds with the score of 983.82 (1 unrouted).
2025-11-11 21:53:00.144 INFO   [110445\6969B1] Auto-router pass #159 on board '4a11bf9eb4c4984f3160af9b98fa860b' was completed in 0.23 seconds with the score of 983.82 (1 unrouted).
2025-11-11 21:53:00.507 INFO   [110445\6969B1] Restoring an earlier board that has the score of 983.82 (1 unrouted).
2025-11-11 21:53:00.508 INFO   [110445\6969B1] Auto-router pass #160 on board '4a11bf9eb4c4984f3160af9b98fa860b' was completed in 0.32 seconds with the score of 983.82 (1 unrouted).
2025-11-11 21:53:00.791 INFO   [110445\6969B1] Auto-router pass #161 on board '4a11bf9eb4c4984f3160af9b98fa860b' was completed in 0.24 seconds with the score of 983.82 (1 unrouted).
2025-11-11 21:53:01.030 INFO   [110445\6969B1] Auto-router pass #162 on board '4a11bf9eb4c4984f3160af9b98fa860b' was completed in 0.20 seconds with the score of 983.82 (1 unrouted).
2025-11-11 21:53:01.278 INFO   [110445\6969B1] Auto-router pass #163 on board '4a11bf9eb4c4984f3160af9b98fa860b' was completed in 0.21 seconds with the score of 983.82 (1 unrouted).
2025-11-11 21:53:01.624 INFO   [110445\6969B1] Restoring an earlier board that has the score of 983.82 (1 unrouted).
2025-11-11 21:53:01.626 INFO   [110445\6969B1] Auto-router pass #164 on board '4a11bf9eb4c4984f3160af9b98fa860b' was completed in 0.31 seconds with the score of 983.82 (1 unrouted).
2025-11-11 21:53:01.896 INFO   [110445\6969B1] Auto-router pass #165 on board '4a11bf9eb4c4984f3160af9b98fa860b' was completed in 0.23 seconds with the score of 983.82 (1 unrouted).
2025-11-11 21:53:02.144 INFO   [110445\6969B1] Auto-router pass #166 on board '4a11bf9eb4c4984f3160af9b98fa860b' was completed in 0.21 seconds with the score of 983.82 (1 unrouted).
2025-11-11 21:53:02.391 INFO   [110445\6969B1] Auto-router pass #167 on board '4a11bf9eb4c4984f3160af9b98fa860b' was completed in 0.21 seconds with the score of 983.82 (1 unrouted).
2025-11-11 21:53:02.780 INFO   [110445\6969B1] Restoring an earlier board that has the score of 983.82 (1 unrouted).
2025-11-11 21:53:02.781 INFO   [110445\6969B1] Auto-router pass #168 on board '4a11bf9eb4c4984f3160af9b98fa860b' was completed in 0.34 seconds with the score of 983.82 (1 unrouted).
2025-11-11 21:53:03.088 INFO   [110445\6969B1] Auto-router pass #169 on board '4a11bf9eb4c4984f3160af9b98fa860b' was completed in 0.26 seconds with the score of 983.82 (1 unrouted).
2025-11-11 21:53:03.340 INFO   [110445\6969B1] Auto-router pass #170 on board '4a11bf9eb4c4984f3160af9b98fa860b' was completed in 0.21 seconds with the score of 983.82 (1 unrouted).
2025-11-11 21:53:03.601 INFO   [110445\6969B1] Auto-router pass #171 on board '4a11bf9eb4c4984f3160af9b98fa860b' was completed in 0.22 seconds with the score of 983.82 (1 unrouted).
2025-11-11 21:53:03.998 INFO   [110445\6969B1] Restoring an earlier board that has the score of 983.82 (1 unrouted).
2025-11-11 21:53:03.999 INFO   [110445\6969B1] Auto-router pass #172 on board '4a11bf9eb4c4984f3160af9b98fa860b' was completed in 0.35 seconds with the score of 983.82 (1 unrouted).
2025-11-11 21:53:04.314 INFO   [110445\6969B1] Auto-router pass #173 on board '4a11bf9eb4c4984f3160af9b98fa860b' was completed in 0.26 seconds with the score of 983.82 (1 unrouted).
2025-11-11 21:53:04.599 INFO   [110445\6969B1] Auto-router pass #174 on board '4a11bf9eb4c4984f3160af9b98fa860b' was completed in 0.24 seconds with the score of 983.82 (1 unrouted).
2025-11-11 21:53:04.859 INFO   [110445\6969B1] Auto-router pass #175 on board '4a11bf9eb4c4984f3160af9b98fa860b' was completed in 0.22 seconds with the score of 983.82 (1 unrouted).
2025-11-11 21:53:05.211 INFO   [110445\6969B1] Restoring an earlier board that has the score of 983.02 (2 unrouted).
2025-11-11 21:53:05.212 INFO   [110445\6969B1] Auto-router pass #176 on board '4a11bf9eb4c4984f3160af9b98fa860b' was completed in 0.32 seconds with the score of 983.82 (1 unrouted).
2025-11-11 21:53:05.878 INFO   [110445\6969B1] Auto-router pass #177 on board '25c629e62da4164c4552e34f96e9be6a' was completed in 0.62 seconds with the score of 983.82 (1 unrouted).
2025-11-11 21:53:06.197 INFO   [110445\6969B1] Auto-router pass #178 on board 'fbc37935558240e6fb50ad456f3936e5' was completed in 0.21 seconds with the score of 983.82 (1 unrouted).
2025-11-11 21:53:06.445 INFO   [110445\6969B1] Auto-router pass #179 on board 'fbc37935558240e6fb50ad456f3936e5' was completed in 0.21 seconds with the score of 983.82 (1 unrouted).
2025-11-11 21:53:06.809 INFO   [110445\6969B1] Restoring an earlier board that has the score of 983.82 (1 unrouted).
2025-11-11 21:53:06.810 INFO   [110445\6969B1] Auto-router pass #180 on board 'fbc37935558240e6fb50ad456f3936e5' was completed in 0.32 seconds with the score of 983.82 (1 unrouted).
2025-11-11 21:53:07.103 INFO   [110445\6969B1] Auto-router pass #181 on board 'fbc37935558240e6fb50ad456f3936e5' was completed in 0.25 seconds with the score of 983.82 (1 unrouted).
2025-11-11 21:53:07.362 INFO   [110445\6969B1] Auto-router pass #182 on board 'fbc37935558240e6fb50ad456f3936e5' was completed in 0.22 seconds with the score of 983.82 (1 unrouted).
2025-11-11 21:53:07.609 INFO   [110445\6969B1] Auto-router pass #183 on board 'fbc37935558240e6fb50ad456f3936e5' was completed in 0.20 seconds with the score of 983.82 (1 unrouted).
2025-11-11 21:53:07.967 INFO   [110445\6969B1] Restoring an earlier board that has the score of 983.82 (1 unrouted).
2025-11-11 21:53:07.969 INFO   [110445\6969B1] Auto-router pass #184 on board 'fbc37935558240e6fb50ad456f3936e5' was completed in 0.32 seconds with the score of 983.82 (1 unrouted).
2025-11-11 21:53:08.244 INFO   [110445\6969B1] Auto-router pass #185 on board 'fbc37935558240e6fb50ad456f3936e5' was completed in 0.23 seconds with the score of 983.82 (1 unrouted).
2025-11-11 21:53:08.491 INFO   [110445\6969B1] Auto-router pass #186 on board 'fbc37935558240e6fb50ad456f3936e5' was completed in 0.20 seconds with the score of 983.82 (1 unrouted).
2025-11-11 21:53:08.738 INFO   [110445\6969B1] Auto-router pass #187 on board 'fbc37935558240e6fb50ad456f3936e5' was completed in 0.21 seconds with the score of 983.82 (1 unrouted).
2025-11-11 21:53:09.133 INFO   [110445\6969B1] Restoring an earlier board that has the score of 983.82 (1 unrouted).
2025-11-11 21:53:09.134 INFO   [110445\6969B1] Auto-router pass #188 on board 'fbc37935558240e6fb50ad456f3936e5' was completed in 0.36 seconds with the score of 983.82 (1 unrouted).
2025-11-11 21:53:09.452 INFO   [110445\6969B1] Auto-router pass #189 on board 'fbc37935558240e6fb50ad456f3936e5' was completed in 0.27 seconds with the score of 983.82 (1 unrouted).
2025-11-11 21:53:09.733 INFO   [110445\6969B1] Auto-router pass #190 on board 'fbc37935558240e6fb50ad456f3936e5' was completed in 0.23 seconds with the score of 983.82 (1 unrouted).
2025-11-11 21:53:10.013 INFO   [110445\6969B1] Auto-router pass #191 on board 'fbc37935558240e6fb50ad456f3936e5' was completed in 0.23 seconds with the score of 983.82 (1 unrouted).
2025-11-11 21:53:10.411 INFO   [110445\6969B1] Restoring an earlier board that has the score of 983.82 (1 unrouted).
2025-11-11 21:53:10.412 INFO   [110445\6969B1] Auto-router pass #192 on board 'fbc37935558240e6fb50ad456f3936e5' was completed in 0.35 seconds with the score of 983.82 (1 unrouted).
2025-11-11 21:53:10.713 INFO   [110445\6969B1] Auto-router pass #193 on board 'fbc37935558240e6fb50ad456f3936e5' was completed in 0.25 seconds with the score of 983.82 (1 unrouted).
2025-11-11 21:53:10.974 INFO   [110445\6969B1] Auto-router pass #194 on board 'fbc37935558240e6fb50ad456f3936e5' was completed in 0.22 seconds with the score of 983.82 (1 unrouted).
2025-11-11 21:53:11.228 INFO   [110445\6969B1] Auto-router pass #195 on board 'fbc37935558240e6fb50ad456f3936e5' was completed in 0.21 seconds with the score of 983.82 (1 unrouted).
2025-11-11 21:53:11.591 INFO   [110445\6969B1] Restoring an earlier board that has the score of 982.29 (3 unrouted).
2025-11-11 21:53:11.592 INFO   [110445\6969B1] Auto-router pass #196 on board 'fbc37935558240e6fb50ad456f3936e5' was completed in 0.32 seconds with the score of 983.82 (1 unrouted).
2025-11-11 21:53:12.194 INFO   [110445\6969B1] Auto-router pass #197 on board '2fb36c50d235ee2cb1efa892f3c76df4' was completed in 0.56 seconds with the score of 983.02 (2 unrouted).
2025-11-11 21:53:12.878 INFO   [110445\6969B1] Auto-router pass #198 on board '2302cd38d96be6537c3aed39f929ddab' was completed in 0.56 seconds with the score of 983.82 (1 unrouted).
2025-11-11 21:53:13.217 INFO   [110445\6969B1] Auto-router pass #199 on board 'ac5b311562b72df3ad59180bef4c34f5' was completed in 0.23 seconds with the score of 983.82 (1 unrouted).
2025-11-11 21:53:13.588 INFO   [110445\6969B1] Restoring an earlier board that has the score of 983.82 (1 unrouted).
2025-11-11 21:53:13.589 INFO   [110445\6969B1] Auto-router pass #200 on board 'ac5b311562b72df3ad59180bef4c34f5' was completed in 0.33 seconds with the score of 983.82 (1 unrouted).
2025-11-11 21:53:13.870 INFO   [110445\6969B1] Auto-router pass #201 on board 'ac5b311562b72df3ad59180bef4c34f5' was completed in 0.24 seconds with the score of 983.82 (1 unrouted).
2025-11-11 21:53:14.134 INFO   [110445\6969B1] Auto-router pass #202 on board 'ac5b311562b72df3ad59180bef4c34f5' was completed in 0.22 seconds with the score of 983.82 (1 unrouted).
2025-11-11 21:53:14.400 INFO   [110445\6969B1] Auto-router pass #203 on board 'ac5b311562b72df3ad59180bef4c34f5' was completed in 0.22 seconds with the score of 983.82 (1 unrouted).
2025-11-11 21:53:14.760 INFO   [110445\6969B1] Restoring an earlier board that has the score of 983.82 (1 unrouted).
2025-11-11 21:53:14.768 INFO   [110445\6969B1] Auto-router pass #204 on board 'ac5b311562b72df3ad59180bef4c34f5' was completed in 0.33 seconds with the score of 983.82 (1 unrouted).
2025-11-11 21:53:15.047 INFO   [110445\6969B1] Auto-router pass #205 on board 'ac5b311562b72df3ad59180bef4c34f5' was completed in 0.24 seconds with the score of 983.82 (1 unrouted).
2025-11-11 21:53:15.351 INFO   [110445\6969B1] Auto-router pass #206 on board 'ac5b311562b72df3ad59180bef4c34f5' was completed in 0.26 seconds with the score of 983.82 (1 unrouted).
2025-11-11 21:53:15.633 INFO   [110445\6969B1] Auto-router pass #207 on board 'ac5b311562b72df3ad59180bef4c34f5' was completed in 0.24 seconds with the score of 983.82 (1 unrouted).
2025-11-11 21:53:16.035 INFO   [110445\6969B1] Restoring an earlier board that has the score of 983.82 (1 unrouted).
2025-11-11 21:53:16.037 INFO   [110445\6969B1] Auto-router pass #208 on board 'ac5b311562b72df3ad59180bef4c34f5' was completed in 0.36 seconds with the score of 983.82 (1 unrouted).
2025-11-11 21:53:16.346 INFO   [110445\6969B1] Auto-router pass #209 on board 'ac5b311562b72df3ad59180bef4c34f5' was completed in 0.25 seconds with the score of 983.82 (1 unrouted).
2025-11-11 21:53:16.601 INFO   [110445\6969B1] Auto-router pass #210 on board 'ac5b311562b72df3ad59180bef4c34f5' was completed in 0.21 seconds with the score of 983.82 (1 unrouted).
2025-11-11 21:53:16.875 INFO   [110445\6969B1] Auto-router pass #211 on board 'ac5b311562b72df3ad59180bef4c34f5' was completed in 0.22 seconds with the score of 983.82 (1 unrouted).
2025-11-11 21:53:17.230 INFO   [110445\6969B1] Restoring an earlier board that has the score of 983.82 (1 unrouted).
2025-11-11 21:53:17.232 INFO   [110445\6969B1] Auto-router pass #212 on board 'ac5b311562b72df3ad59180bef4c34f5' was completed in 0.32 seconds with the score of 983.82 (1 unrouted).
2025-11-11 21:53:17.524 INFO   [110445\6969B1] Auto-router pass #213 on board 'ac5b311562b72df3ad59180bef4c34f5' was completed in 0.25 seconds with the score of 983.82 (1 unrouted).
2025-11-11 21:53:17.780 INFO   [110445\6969B1] Auto-router pass #214 on board 'ac5b311562b72df3ad59180bef4c34f5' was completed in 0.22 seconds with the score of 983.82 (1 unrouted).
2025-11-11 21:53:18.019 INFO   [110445\6969B1] Auto-router pass #215 on board 'ac5b311562b72df3ad59180bef4c34f5' was completed in 0.20 seconds with the score of 983.82 (1 unrouted).
2025-11-11 21:53:18.376 INFO   [110445\6969B1] Restoring an earlier board that has the score of 983.02 (2 unrouted).
2025-11-11 21:53:18.377 INFO   [110445\6969B1] Auto-router pass #216 on board 'ac5b311562b72df3ad59180bef4c34f5' was completed in 0.32 seconds with the score of 983.82 (1 unrouted).
2025-11-11 21:53:19.218 INFO   [110445\6969B1] Auto-router pass #217 on board '2302cd38d96be6537c3aed39f929ddab' was completed in 0.79 seconds with the score of 983.84 (1 unrouted).
2025-11-11 21:53:19.550 INFO   [110445\6969B1] Auto-router pass #218 on board '5db8d0bcb3f5b486c9b2228865ec09a9' was completed in 0.22 seconds with the score of 983.84 (1 unrouted).
2025-11-11 21:53:19.800 INFO   [110445\6969B1] Auto-router pass #219 on board '5db8d0bcb3f5b486c9b2228865ec09a9' was completed in 0.21 seconds with the score of 983.84 (1 unrouted).
2025-11-11 21:53:20.175 INFO   [110445\6969B1] Restoring an earlier board that has the score of 983.84 (1 unrouted).
2025-11-11 21:53:20.177 INFO   [110445\6969B1] Auto-router pass #220 on board '5db8d0bcb3f5b486c9b2228865ec09a9' was completed in 0.33 seconds with the score of 983.84 (1 unrouted).
2025-11-11 21:53:20.466 INFO   [110445\6969B1] Auto-router pass #221 on board '5db8d0bcb3f5b486c9b2228865ec09a9' was completed in 0.24 seconds with the score of 983.84 (1 unrouted).
2025-11-11 21:53:20.729 INFO   [110445\6969B1] Auto-router pass #222 on board '5db8d0bcb3f5b486c9b2228865ec09a9' was completed in 0.22 seconds with the score of 983.84 (1 unrouted).
2025-11-11 21:53:20.991 INFO   [110445\6969B1] Auto-router pass #223 on board '5db8d0bcb3f5b486c9b2228865ec09a9' was completed in 0.22 seconds with the score of 983.84 (1 unrouted).
2025-11-11 21:53:21.406 INFO   [110445\6969B1] Restoring an earlier board that has the score of 983.84 (1 unrouted).
2025-11-11 21:53:21.408 INFO   [110445\6969B1] Auto-router pass #224 on board '5db8d0bcb3f5b486c9b2228865ec09a9' was completed in 0.37 seconds with the score of 983.84 (1 unrouted).
2025-11-11 21:53:21.755 INFO   [110445\6969B1] Auto-router pass #225 on board '5db8d0bcb3f5b486c9b2228865ec09a9' was completed in 0.29 seconds with the score of 983.84 (1 unrouted).
2025-11-11 21:53:22.051 INFO   [110445\6969B1] Auto-router pass #226 on board '5db8d0bcb3f5b486c9b2228865ec09a9' was completed in 0.25 seconds with the score of 983.84 (1 unrouted).
2025-11-11 21:53:22.324 INFO   [110445\6969B1] Auto-router pass #227 on board '5db8d0bcb3f5b486c9b2228865ec09a9' was completed in 0.23 seconds with the score of 983.84 (1 unrouted).
2025-11-11 21:53:22.715 INFO   [110445\6969B1] Restoring an earlier board that has the score of 983.84 (1 unrouted).
2025-11-11 21:53:22.716 INFO   [110445\6969B1] Auto-router pass #228 on board '5db8d0bcb3f5b486c9b2228865ec09a9' was completed in 0.35 seconds with the score of 983.84 (1 unrouted).
2025-11-11 21:53:23.018 INFO   [110445\6969B1] Auto-router pass #229 on board '5db8d0bcb3f5b486c9b2228865ec09a9' was completed in 0.26 seconds with the score of 983.84 (1 unrouted).
2025-11-11 21:53:23.301 INFO   [110445\6969B1] Auto-router pass #230 on board '5db8d0bcb3f5b486c9b2228865ec09a9' was completed in 0.23 seconds with the score of 983.84 (1 unrouted).
2025-11-11 21:53:23.571 INFO   [110445\6969B1] Auto-router pass #231 on board '5db8d0bcb3f5b486c9b2228865ec09a9' was completed in 0.23 seconds with the score of 983.84 (1 unrouted).
2025-11-11 21:53:23.962 INFO   [110445\6969B1] Restoring an earlier board that has the score of 983.84 (1 unrouted).
2025-11-11 21:53:23.963 INFO   [110445\6969B1] Auto-router pass #232 on board '5db8d0bcb3f5b486c9b2228865ec09a9' was completed in 0.35 seconds with the score of 983.84 (1 unrouted).
2025-11-11 21:53:24.249 INFO   [110445\6969B1] Auto-router pass #233 on board '5db8d0bcb3f5b486c9b2228865ec09a9' was completed in 0.24 seconds with the score of 983.84 (1 unrouted).
2025-11-11 21:53:24.515 INFO   [110445\6969B1] Auto-router pass #234 on board '5db8d0bcb3f5b486c9b2228865ec09a9' was completed in 0.22 seconds with the score of 983.84 (1 unrouted).
2025-11-11 21:53:24.777 INFO   [110445\6969B1] Auto-router pass #235 on board '5db8d0bcb3f5b486c9b2228865ec09a9' was completed in 0.22 seconds with the score of 983.84 (1 unrouted).
2025-11-11 21:53:25.161 INFO   [110445\6969B1] Restoring an earlier board that has the score of 983.02 (2 unrouted).
2025-11-11 21:53:25.163 INFO   [110445\6969B1] Auto-router pass #236 on board '5db8d0bcb3f5b486c9b2228865ec09a9' was completed in 0.34 seconds with the score of 983.84 (1 unrouted).
2025-11-11 21:53:26.018 INFO   [110445\6969B1] Auto-router pass #237 on board '2302cd38d96be6537c3aed39f929ddab' was completed in 0.81 seconds with the score of 983.84 (1 unrouted).
2025-11-11 21:53:26.357 INFO   [110445\6969B1] Auto-router pass #238 on board 'deb2485892fa5faa68690f8d77345486' was completed in 0.22 seconds with the score of 983.84 (1 unrouted).
2025-11-11 21:53:26.636 INFO   [110445\6969B1] Auto-router pass #239 on board 'deb2485892fa5faa68690f8d77345486' was completed in 0.23 seconds with the score of 983.84 (1 unrouted).
2025-11-11 21:53:27.049 INFO   [110445\6969B1] Restoring an earlier board that has the score of 983.84 (1 unrouted).
2025-11-11 21:53:27.050 INFO   [110445\6969B1] Auto-router pass #240 on board 'deb2485892fa5faa68690f8d77345486' was completed in 0.37 seconds with the score of 983.84 (1 unrouted).
2025-11-11 21:53:27.368 INFO   [110445\6969B1] Auto-router pass #241 on board 'deb2485892fa5faa68690f8d77345486' was completed in 0.27 seconds with the score of 983.84 (1 unrouted).
2025-11-11 21:53:27.681 INFO   [110445\6969B1] Auto-router pass #242 on board 'deb2485892fa5faa68690f8d77345486' was completed in 0.27 seconds with the score of 983.84 (1 unrouted).
2025-11-11 21:53:27.970 INFO   [110445\6969B1] Auto-router pass #243 on board 'deb2485892fa5faa68690f8d77345486' was completed in 0.25 seconds with the score of 983.84 (1 unrouted).
2025-11-11 21:53:28.396 INFO   [110445\6969B1] Restoring an earlier board that has the score of 983.84 (1 unrouted).
2025-11-11 21:53:28.397 INFO   [110445\6969B1] Auto-router pass #244 on board 'deb2485892fa5faa68690f8d77345486' was completed in 0.38 seconds with the score of 983.84 (1 unrouted).
2025-11-11 21:53:28.731 INFO   [110445\6969B1] Auto-router pass #245 on board 'deb2485892fa5faa68690f8d77345486' was completed in 0.28 seconds with the score of 983.84 (1 unrouted).
2025-11-11 21:53:29.029 INFO   [110445\6969B1] Auto-router pass #246 on board 'deb2485892fa5faa68690f8d77345486' was completed in 0.26 seconds with the score of 983.84 (1 unrouted).
2025-11-11 21:53:29.335 INFO   [110445\6969B1] Auto-router pass #247 on board 'deb2485892fa5faa68690f8d77345486' was completed in 0.25 seconds with the score of 983.84 (1 unrouted).
2025-11-11 21:53:29.730 INFO   [110445\6969B1] Restoring an earlier board that has the score of 983.84 (1 unrouted).
2025-11-11 21:53:29.732 INFO   [110445\6969B1] Auto-router pass #248 on board 'deb2485892fa5faa68690f8d77345486' was completed in 0.35 seconds with the score of 983.84 (1 unrouted).
2025-11-11 21:53:30.060 INFO   [110445\6969B1] Auto-router pass #249 on board 'deb2485892fa5faa68690f8d77345486' was completed in 0.28 seconds with the score of 983.84 (1 unrouted).
2025-11-11 21:53:30.327 INFO   [110445\6969B1] Auto-router pass #250 on board 'deb2485892fa5faa68690f8d77345486' was completed in 0.23 seconds with the score of 983.84 (1 unrouted).
2025-11-11 21:53:30.605 INFO   [110445\6969B1] Auto-router pass #251 on board 'deb2485892fa5faa68690f8d77345486' was completed in 0.23 seconds with the score of 983.84 (1 unrouted).
2025-11-11 21:53:30.999 INFO   [110445\6969B1] Restoring an earlier board that has the score of 983.84 (1 unrouted).
2025-11-11 21:53:31.000 INFO   [110445\6969B1] Auto-router pass #252 on board 'deb2485892fa5faa68690f8d77345486' was completed in 0.35 seconds with the score of 983.84 (1 unrouted).
2025-11-11 21:53:31.316 INFO   [110445\6969B1] Auto-router pass #253 on board 'deb2485892fa5faa68690f8d77345486' was completed in 0.27 seconds with the score of 983.84 (1 unrouted).
2025-11-11 21:53:31.596 INFO   [110445\6969B1] Auto-router pass #254 on board 'deb2485892fa5faa68690f8d77345486' was completed in 0.23 seconds with the score of 983.84 (1 unrouted).
2025-11-11 21:53:31.878 INFO   [110445\6969B1] Auto-router pass #255 on board 'deb2485892fa5faa68690f8d77345486' was completed in 0.23 seconds with the score of 983.84 (1 unrouted).
2025-11-11 21:53:32.296 INFO   [110445\6969B1] Restoring an earlier board that has the score of 983.02 (2 unrouted).
2025-11-11 21:53:32.298 INFO   [110445\6969B1] Auto-router pass #256 on board 'deb2485892fa5faa68690f8d77345486' was completed in 0.37 seconds with the score of 983.84 (1 unrouted).
2025-11-11 21:53:33.202 INFO   [110445\6969B1] Auto-router pass #257 on board '2302cd38d96be6537c3aed39f929ddab' was completed in 0.85 seconds with the score of 983.84 (1 unrouted).
2025-11-11 21:53:33.521 INFO   [110445\6969B1] Auto-router pass #258 on board 'deb2485892fa5faa68690f8d77345486' was completed in 0.27 seconds with the score of 983.84 (1 unrouted).
2025-11-11 21:53:33.833 INFO   [110445\6969B1] Auto-router pass #259 on board 'deb2485892fa5faa68690f8d77345486' was completed in 0.26 seconds with the score of 983.84 (1 unrouted).
2025-11-11 21:53:34.285 INFO   [110445\6969B1] Restoring an earlier board that has the score of 983.02 (2 unrouted).
2025-11-11 21:53:34.286 INFO   [110445\6969B1] Auto-router pass #260 on board 'deb2485892fa5faa68690f8d77345486' was completed in 0.40 seconds with the score of 983.84 (1 unrouted).
2025-11-11 21:53:35.060 INFO   [110445\6969B1] Auto-router pass #261 on board '2302cd38d96be6537c3aed39f929ddab' was completed in 0.72 seconds with the score of 983.82 (1 unrouted).
2025-11-11 21:53:35.438 INFO   [110445\6969B1] Auto-router pass #262 on board '9a13645cabbfb4c98454835c084d1434' was completed in 0.25 seconds with the score of 983.82 (1 unrouted).
2025-11-11 21:53:35.736 INFO   [110445\6969B1] Auto-router pass #263 on board '9a13645cabbfb4c98454835c084d1434' was completed in 0.25 seconds with the score of 983.82 (1 unrouted).
2025-11-11 21:53:36.162 INFO   [110445\6969B1] Restoring an earlier board that has the score of 983.82 (1 unrouted).
2025-11-11 21:53:36.163 INFO   [110445\6969B1] Auto-router pass #264 on board '9a13645cabbfb4c98454835c084d1434' was completed in 0.38 seconds with the score of 983.82 (1 unrouted).
2025-11-11 21:53:36.477 INFO   [110445\6969B1] Auto-router pass #265 on board '9a13645cabbfb4c98454835c084d1434' was completed in 0.27 seconds with the score of 983.82 (1 unrouted).
2025-11-11 21:53:36.767 INFO   [110445\6969B1] Auto-router pass #266 on board '9a13645cabbfb4c98454835c084d1434' was completed in 0.24 seconds with the score of 983.82 (1 unrouted).
2025-11-11 21:53:37.051 INFO   [110445\6969B1] Auto-router pass #267 on board '9a13645cabbfb4c98454835c084d1434' was completed in 0.24 seconds with the score of 983.82 (1 unrouted).
2025-11-11 21:53:37.472 INFO   [110445\6969B1] Restoring an earlier board that has the score of 983.82 (1 unrouted).
2025-11-11 21:53:37.474 INFO   [110445\6969B1] Auto-router pass #268 on board '9a13645cabbfb4c98454835c084d1434' was completed in 0.37 seconds with the score of 983.82 (1 unrouted).
2025-11-11 21:53:37.832 INFO   [110445\6969B1] Auto-router pass #269 on board '9a13645cabbfb4c98454835c084d1434' was completed in 0.30 seconds with the score of 983.82 (1 unrouted).
2025-11-11 21:53:38.129 INFO   [110445\6969B1] Auto-router pass #270 on board '9a13645cabbfb4c98454835c084d1434' was completed in 0.24 seconds with the score of 983.82 (1 unrouted).
2025-11-11 21:53:38.410 INFO   [110445\6969B1] Auto-router pass #271 on board '9a13645cabbfb4c98454835c084d1434' was completed in 0.23 seconds with the score of 983.82 (1 unrouted).
2025-11-11 21:53:38.855 INFO   [110445\6969B1] Restoring an earlier board that has the score of 983.82 (1 unrouted).
2025-11-11 21:53:38.856 INFO   [110445\6969B1] Auto-router pass #272 on board '9a13645cabbfb4c98454835c084d1434' was completed in 0.40 seconds with the score of 983.82 (1 unrouted).
2025-11-11 21:53:39.199 INFO   [110445\6969B1] Auto-router pass #273 on board '9a13645cabbfb4c98454835c084d1434' was completed in 0.29 seconds with the score of 983.82 (1 unrouted).
2025-11-11 21:53:39.504 INFO   [110445\6969B1] Auto-router pass #274 on board '9a13645cabbfb4c98454835c084d1434' was completed in 0.26 seconds with the score of 983.82 (1 unrouted).
2025-11-11 21:53:39.817 INFO   [110445\6969B1] Auto-router pass #275 on board '9a13645cabbfb4c98454835c084d1434' was completed in 0.26 seconds with the score of 983.82 (1 unrouted).
2025-11-11 21:53:40.259 INFO   [110445\6969B1] Restoring an earlier board that has the score of 983.82 (1 unrouted).
2025-11-11 21:53:40.261 INFO   [110445\6969B1] Auto-router pass #276 on board '9a13645cabbfb4c98454835c084d1434' was completed in 0.39 seconds with the score of 983.82 (1 unrouted).
2025-11-11 21:53:40.592 INFO   [110445\6969B1] Auto-router pass #277 on board '9a13645cabbfb4c98454835c084d1434' was completed in 0.28 seconds with the score of 983.82 (1 unrouted).
2025-11-11 21:53:40.886 INFO   [110445\6969B1] Auto-router pass #278 on board '9a13645cabbfb4c98454835c084d1434' was completed in 0.25 seconds with the score of 983.82 (1 unrouted).
2025-11-11 21:53:41.187 INFO   [110445\6969B1] Auto-router pass #279 on board '9a13645cabbfb4c98454835c084d1434' was completed in 0.25 seconds with the score of 983.82 (1 unrouted).
2025-11-11 21:53:41.602 INFO   [110445\6969B1] Restoring an earlier board that has the score of 982.29 (3 unrouted).
2025-11-11 21:53:41.603 INFO   [110445\6969B1] Auto-router pass #280 on board '9a13645cabbfb4c98454835c084d1434' was completed in 0.36 seconds with the score of 983.82 (1 unrouted).
2025-11-11 21:53:42.367 INFO   [110445\6969B1] Auto-router pass #281 on board '2fb36c50d235ee2cb1efa892f3c76df4' was completed in 0.71 seconds with the score of 983.81 (1 unrouted).
2025-11-11 21:53:42.756 INFO   [110445\6969B1] Auto-router pass #282 on board '994a31cd4a3d7b8d0239c81bb36d415d' was completed in 0.26 seconds with the score of 983.81 (1 unrouted).
2025-11-11 21:53:43.059 INFO   [110445\6969B1] Auto-router pass #283 on board '994a31cd4a3d7b8d0239c81bb36d415d' was completed in 0.25 seconds with the score of 983.81 (1 unrouted).
2025-11-11 21:53:43.471 INFO   [110445\6969B1] Restoring an earlier board that has the score of 983.81 (1 unrouted).
2025-11-11 21:53:43.473 INFO   [110445\6969B1] Auto-router pass #284 on board '994a31cd4a3d7b8d0239c81bb36d415d' was completed in 0.37 seconds with the score of 983.81 (1 unrouted).
2025-11-11 21:53:43.818 INFO   [110445\6969B1] Auto-router pass #285 on board '994a31cd4a3d7b8d0239c81bb36d415d' was completed in 0.30 seconds with the score of 983.81 (1 unrouted).
2025-11-11 21:53:44.101 INFO   [110445\6969B1] Auto-router pass #286 on board '994a31cd4a3d7b8d0239c81bb36d415d' was completed in 0.24 seconds with the score of 983.81 (1 unrouted).
2025-11-11 21:53:44.402 INFO   [110445\6969B1] Auto-router pass #287 on board '994a31cd4a3d7b8d0239c81bb36d415d' was completed in 0.25 seconds with the score of 983.81 (1 unrouted).
2025-11-11 21:53:44.851 INFO   [110445\6969B1] Restoring an earlier board that has the score of 983.81 (1 unrouted).
2025-11-11 21:53:44.852 INFO   [110445\6969B1] Auto-router pass #288 on board '994a31cd4a3d7b8d0239c81bb36d415d' was completed in 0.41 seconds with the score of 983.81 (1 unrouted).
2025-11-11 21:53:45.215 INFO   [110445\6969B1] Auto-router pass #289 on board '994a31cd4a3d7b8d0239c81bb36d415d' was completed in 0.30 seconds with the score of 983.81 (1 unrouted).
2025-11-11 21:53:45.539 INFO   [110445\6969B1] Auto-router pass #290 on board '994a31cd4a3d7b8d0239c81bb36d415d' was completed in 0.27 seconds with the score of 983.81 (1 unrouted).
2025-11-11 21:53:45.838 INFO   [110445\6969B1] Auto-router pass #291 on board '994a31cd4a3d7b8d0239c81bb36d415d' was completed in 0.25 seconds with the score of 983.81 (1 unrouted).
2025-11-11 21:53:46.253 INFO   [110445\6969B1] Restoring an earlier board that has the score of 983.81 (1 unrouted).
2025-11-11 21:53:46.254 INFO   [110445\6969B1] Auto-router pass #292 on board '994a31cd4a3d7b8d0239c81bb36d415d' was completed in 0.37 seconds with the score of 983.81 (1 unrouted).
2025-11-11 21:53:46.565 INFO   [110445\6969B1] Auto-router pass #293 on board '994a31cd4a3d7b8d0239c81bb36d415d' was completed in 0.27 seconds with the score of 983.81 (1 unrouted).
2025-11-11 21:53:46.838 INFO   [110445\6969B1] Auto-router pass #294 on board '994a31cd4a3d7b8d0239c81bb36d415d' was completed in 0.23 seconds with the score of 983.81 (1 unrouted).
2025-11-11 21:53:47.120 INFO   [110445\6969B1] Auto-router pass #295 on board '994a31cd4a3d7b8d0239c81bb36d415d' was completed in 0.24 seconds with the score of 983.81 (1 unrouted).
2025-11-11 21:53:47.528 INFO   [110445\6969B1] Restoring an earlier board that has the score of 983.81 (1 unrouted).
2025-11-11 21:53:47.529 INFO   [110445\6969B1] Auto-router pass #296 on board '994a31cd4a3d7b8d0239c81bb36d415d' was completed in 0.37 seconds with the score of 983.81 (1 unrouted).
2025-11-11 21:53:47.872 INFO   [110445\6969B1] Auto-router pass #297 on board '994a31cd4a3d7b8d0239c81bb36d415d' was completed in 0.29 seconds with the score of 983.81 (1 unrouted).
2025-11-11 21:53:48.151 INFO   [110445\6969B1] Auto-router pass #298 on board '994a31cd4a3d7b8d0239c81bb36d415d' was completed in 0.23 seconds with the score of 983.81 (1 unrouted).
2025-11-11 21:53:48.423 INFO   [110445\6969B1] Auto-router pass #299 on board '994a31cd4a3d7b8d0239c81bb36d415d' was completed in 0.23 seconds with the score of 983.81 (1 unrouted).
2025-11-11 21:53:48.803 INFO   [110445\6969B1] Restoring an earlier board that has the score of 982.29 (3 unrouted).
2025-11-11 21:53:48.804 INFO   [110445\6969B1] Auto-router pass #300 on board '994a31cd4a3d7b8d0239c81bb36d415d' was completed in 0.34 seconds with the score of 983.81 (1 unrouted).
2025-11-11 21:53:49.534 INFO   [110445\6969B1] Auto-router pass #301 on board '2fb36c50d235ee2cb1efa892f3c76df4' was completed in 0.68 seconds with the score of 983.81 (1 unrouted).
2025-11-11 21:53:49.872 INFO   [110445\6969B1] Auto-router pass #302 on board '092218ef5165188cf4e1255149e53067' was completed in 0.22 seconds with the score of 983.81 (1 unrouted).
2025-11-11 21:53:50.138 INFO   [110445\6969B1] Auto-router pass #303 on board '092218ef5165188cf4e1255149e53067' was completed in 0.23 seconds with the score of 983.81 (1 unrouted).
2025-11-11 21:53:50.552 INFO   [110445\6969B1] Restoring an earlier board that has the score of 983.81 (1 unrouted).
2025-11-11 21:53:50.553 INFO   [110445\6969B1] Auto-router pass #304 on board '092218ef5165188cf4e1255149e53067' was completed in 0.37 seconds with the score of 983.81 (1 unrouted).
2025-11-11 21:53:50.878 INFO   [110445\6969B1] Auto-router pass #305 on board '092218ef5165188cf4e1255149e53067' was completed in 0.28 seconds with the score of 983.81 (1 unrouted).
2025-11-11 21:53:51.183 INFO   [110445\6969B1] Auto-router pass #306 on board '092218ef5165188cf4e1255149e53067' was completed in 0.25 seconds with the score of 983.81 (1 unrouted).
2025-11-11 21:53:51.466 INFO   [110445\6969B1] Auto-router pass #307 on board '092218ef5165188cf4e1255149e53067' was completed in 0.24 seconds with the score of 983.81 (1 unrouted).
2025-11-11 21:53:51.866 INFO   [110445\6969B1] Restoring an earlier board that has the score of 983.81 (1 unrouted).
2025-11-11 21:53:51.867 INFO   [110445\6969B1] Auto-router pass #308 on board '092218ef5165188cf4e1255149e53067' was completed in 0.36 seconds with the score of 983.81 (1 unrouted).
2025-11-11 21:53:52.165 INFO   [110445\6969B1] Auto-router pass #309 on board '092218ef5165188cf4e1255149e53067' was completed in 0.25 seconds with the score of 983.81 (1 unrouted).
2025-11-11 21:53:52.437 INFO   [110445\6969B1] Auto-router pass #310 on board '092218ef5165188cf4e1255149e53067' was completed in 0.23 seconds with the score of 983.81 (1 unrouted).
2025-11-11 21:53:52.724 INFO   [110445\6969B1] Auto-router pass #311 on board '092218ef5165188cf4e1255149e53067' was completed in 0.24 seconds with the score of 983.81 (1 unrouted).
2025-11-11 21:53:53.108 INFO   [110445\6969B1] Restoring an earlier board that has the score of 983.81 (1 unrouted).
2025-11-11 21:53:53.109 INFO   [110445\6969B1] Auto-router pass #312 on board '092218ef5165188cf4e1255149e53067' was completed in 0.34 seconds with the score of 983.81 (1 unrouted).
2025-11-11 21:53:53.430 INFO   [110445\6969B1] Auto-router pass #313 on board '092218ef5165188cf4e1255149e53067' was completed in 0.27 seconds with the score of 983.81 (1 unrouted).
2025-11-11 21:53:53.689 INFO   [110445\6969B1] Auto-router pass #314 on board '092218ef5165188cf4e1255149e53067' was completed in 0.22 seconds with the score of 983.81 (1 unrouted).
2025-11-11 21:53:53.947 INFO   [110445\6969B1] Auto-router pass #315 on board '092218ef5165188cf4e1255149e53067' was completed in 0.21 seconds with the score of 983.81 (1 unrouted).
2025-11-11 21:53:54.332 INFO   [110445\6969B1] Restoring an earlier board that has the score of 983.81 (1 unrouted).
2025-11-11 21:53:54.333 INFO   [110445\6969B1] Auto-router pass #316 on board '092218ef5165188cf4e1255149e53067' was completed in 0.34 seconds with the score of 983.81 (1 unrouted).
2025-11-11 21:53:54.623 INFO   [110445\6969B1] Auto-router pass #317 on board '092218ef5165188cf4e1255149e53067' was completed in 0.24 seconds with the score of 983.81 (1 unrouted).
2025-11-11 21:53:54.869 INFO   [110445\6969B1] Auto-router pass #318 on board '092218ef5165188cf4e1255149e53067' was completed in 0.21 seconds with the score of 983.81 (1 unrouted).
2025-11-11 21:53:55.118 INFO   [110445\6969B1] Auto-router pass #319 on board '092218ef5165188cf4e1255149e53067' was completed in 0.21 seconds with the score of 983.81 (1 unrouted).
2025-11-11 21:53:55.488 INFO   [110445\6969B1] Restoring an earlier board that has the score of 982.29 (3 unrouted).
2025-11-11 21:53:55.489 INFO   [110445\6969B1] Auto-router pass #320 on board '092218ef5165188cf4e1255149e53067' was completed in 0.33 seconds with the score of 983.81 (1 unrouted).
2025-11-11 21:53:56.127 INFO   [110445\6969B1] Auto-router pass #321 on board '2fb36c50d235ee2cb1efa892f3c76df4' was completed in 0.60 seconds with the score of 982.93 (2 unrouted).
2025-11-11 21:53:56.879 INFO   [110445\6969B1] Auto-router pass #322 on board '3f3f365ee8faea8823798f4a3679128c' was completed in 0.63 seconds with the score of 983.73 (1 unrouted).
2025-11-11 21:53:57.265 INFO   [110445\6969B1] Auto-router pass #323 on board '98065360875bc04e7ed6ce2bbab052a1' was completed in 0.23 seconds with the score of 983.73 (1 unrouted).
2025-11-11 21:53:57.659 INFO   [110445\6969B1] Restoring an earlier board that has the score of 983.73 (1 unrouted).
2025-11-11 21:53:57.660 INFO   [110445\6969B1] Auto-router pass #324 on board '98065360875bc04e7ed6ce2bbab052a1' was completed in 0.35 seconds with the score of 983.73 (1 unrouted).
2025-11-11 21:53:57.954 INFO   [110445\6969B1] Auto-router pass #325 on board '98065360875bc04e7ed6ce2bbab052a1' was completed in 0.25 seconds with the score of 983.73 (1 unrouted).
2025-11-11 21:53:58.215 INFO   [110445\6969B1] Auto-router pass #326 on board '98065360875bc04e7ed6ce2bbab052a1' was completed in 0.22 seconds with the score of 983.73 (1 unrouted).
2025-11-11 21:53:58.473 INFO   [110445\6969B1] Auto-router pass #327 on board '98065360875bc04e7ed6ce2bbab052a1' was completed in 0.21 seconds with the score of 983.73 (1 unrouted).
2025-11-11 21:53:58.865 INFO   [110445\6969B1] Restoring an earlier board that has the score of 983.73 (1 unrouted).
2025-11-11 21:53:58.867 INFO   [110445\6969B1] Auto-router pass #328 on board '98065360875bc04e7ed6ce2bbab052a1' was completed in 0.35 seconds with the score of 983.73 (1 unrouted).
2025-11-11 21:53:59.168 INFO   [110445\6969B1] Auto-router pass #329 on board '98065360875bc04e7ed6ce2bbab052a1' was completed in 0.26 seconds with the score of 983.73 (1 unrouted).
2025-11-11 21:53:59.422 INFO   [110445\6969B1] Auto-router pass #330 on board '98065360875bc04e7ed6ce2bbab052a1' was completed in 0.21 seconds with the score of 983.73 (1 unrouted).
2025-11-11 21:53:59.679 INFO   [110445\6969B1] Auto-router pass #331 on board '98065360875bc04e7ed6ce2bbab052a1' was completed in 0.21 seconds with the score of 983.73 (1 unrouted).
2025-11-11 21:54:00.039 INFO   [110445\6969B1] Restoring an earlier board that has the score of 983.73 (1 unrouted).
2025-11-11 21:54:00.040 INFO   [110445\6969B1] Auto-router pass #332 on board '98065360875bc04e7ed6ce2bbab052a1' was completed in 0.32 seconds with the score of 983.73 (1 unrouted).
2025-11-11 21:54:00.344 INFO   [110445\6969B1] Auto-router pass #333 on board '98065360875bc04e7ed6ce2bbab052a1' was completed in 0.25 seconds with the score of 983.73 (1 unrouted).
2025-11-11 21:54:00.605 INFO   [110445\6969B1] Auto-router pass #334 on board '98065360875bc04e7ed6ce2bbab052a1' was completed in 0.22 seconds with the score of 983.73 (1 unrouted).
2025-11-11 21:54:00.869 INFO   [110445\6969B1] Auto-router pass #335 on board '98065360875bc04e7ed6ce2bbab052a1' was completed in 0.22 seconds with the score of 983.73 (1 unrouted).
2025-11-11 21:54:01.247 INFO   [110445\6969B1] Restoring an earlier board that has the score of 983.73 (1 unrouted).
2025-11-11 21:54:01.248 INFO   [110445\6969B1] Auto-router pass #336 on board '98065360875bc04e7ed6ce2bbab052a1' was completed in 0.34 seconds with the score of 983.73 (1 unrouted).
2025-11-11 21:54:01.566 INFO   [110445\6969B1] Auto-router pass #337 on board '98065360875bc04e7ed6ce2bbab052a1' was completed in 0.27 seconds with the score of 983.73 (1 unrouted).
2025-11-11 21:54:01.854 INFO   [110445\6969B1] Auto-router pass #338 on board '98065360875bc04e7ed6ce2bbab052a1' was completed in 0.24 seconds with the score of 983.73 (1 unrouted).
2025-11-11 21:54:02.154 INFO   [110445\6969B1] Auto-router pass #339 on board '98065360875bc04e7ed6ce2bbab052a1' was completed in 0.26 seconds with the score of 983.73 (1 unrouted).
2025-11-11 21:54:02.610 INFO   [110445\6969B1] Restoring an earlier board that has the score of 982.93 (2 unrouted).
2025-11-11 21:54:02.611 INFO   [110445\6969B1] Auto-router pass #340 on board '98065360875bc04e7ed6ce2bbab052a1' was completed in 0.41 seconds with the score of 983.73 (1 unrouted).
2025-11-11 21:54:03.601 INFO   [110445\6969B1] Auto-router pass #341 on board '3f3f365ee8faea8823798f4a3679128c' was completed in 0.94 seconds with the score of 982.93 (2 unrouted).
2025-11-11 21:54:04.152 INFO   [110445\6969B1] Auto-router pass #342 on board '732a28482830a2e5d7c97dcebedac336' was completed in 0.42 seconds with the score of 983.62 (1 unrouted).
2025-11-11 21:54:04.499 INFO   [110445\6969B1] Auto-router pass #343 on board '3dec8b9c6d5c6924f145cc6b31b598cd' was completed in 0.23 seconds with the score of 983.62 (1 unrouted).
2025-11-11 21:54:04.857 INFO   [110445\6969B1] Auto-router pass #344 on board '3dec8b9c6d5c6924f145cc6b31b598cd' was completed in 0.30 seconds with the score of 984.38.
2025-11-11 21:54:05.010 INFO   [110445\6969B1] Auto-router pass #345 on board 'c02b98b9f37bb8a4ced13d9f27c73721' was completed in 0.04 seconds with the score of 984.38.
2025-11-11 21:54:05.039 INFO   [110445\6969B1] Auto-routing was completed in 4 minutes 6.84 seconds with the score of 984.38.
2025-11-11 21:54:05.142 INFO   [110445\6969B1] Starting optimization on 21 threads...
2025-11-11 21:54:05.146 WARN   [110445\6969B1] Multi-threaded route optimization is broken and it is known to generate clearance violations. It is highly recommended to use the single-threaded route optimization instead by setting the number of threads to 1 with the '-mt 1' command line argument.
2025-11-11 21:57:31.251 WARN   OptViaAlgo.opt_via_location: move via failed
2025-11-11 21:59:22.623 INFO   [110445\6969B1] Optimization was completed in 5 minutes 17.47 seconds with the score of 984.38.
2025-11-11 21:59:27.399 INFO   Saving 'shifter1_board.ses'...
